node.exe : npm warn Unknown project config 
"´┐¢´┐¢p a c k a g e - l o c k ". This will stop working in 
the next major version of npm.
No linha:1 caractere:1
+ & "C:\Program Files\nodejs/node.exe" "C:\Program 
Files\nodejs/node_mo ...
+ ~~~~~~~~~~~~~~~~~~~~~~~~~~~~~~~~~~~~~~~~~~~~~~~~~~~~~~~~~~~
~~~~~~~~~~
    + CategoryInfo          : NotSpecified: (npm warn Unknow 
   ...version of npm.:String) [], RemoteException
    + FullyQualifiedErrorId : NativeCommandError
 
npm warn Unknown project config " ". This will stop working 
in the next major version of npm.
