﻿node.exe : npm warn Unknown project config 
"´┐¢´┐¢p a c k a g e - l o c k ". This will stop working in 
the next major version of npm.
No linha:1 caractere:1
+ & "C:\Program Files\nodejs/node.exe" "C:\Program 
Files\nodejs/node_mo ...
+ ~~~~~~~~~~~~~~~~~~~~~~~~~~~~~~~~~~~~~~~~~~~~~~~~~~~~~~~~~~~
~~~~~~~~~~
    + CategoryInfo          : NotSpecified: (npm warn Unknow 
   ...version of npm.:String) [], RemoteException
    + FullyQualifiedErrorId : NativeCommandError
 
npm warn Unknown project config " ". This will stop working 
in the next major version of npm.
src/routes/partner.routes.ts(796,19): error TS2353: Object literal may only specify known properties, and 'useCount' does not exist in type '(Without<EquipmentUpdateInput, EquipmentUncheckedUpdateInput> & EquipmentUncheckedUpdateInput) | (Without<...> & EquipmentUpdateInput)'.
src/routes/partner.routes.ts(1039,21): error TS2353: Object literal may only specify known properties, and 'useCount' does not exist in type '(Without<EquipmentUpdateInput, EquipmentUncheckedUpdateInput> & EquipmentUncheckedUpdateInput) | (Without<...> & EquipmentUpdateInput)'.
src/routes/partner.routes.ts(2539,30): error TS2349: This expression is not callable.
  No constituent of type '"csv" | "excel"' is callable.
src/routes/partner.routes.ts(2587,9): error TS2353: Object literal may only specify known properties, and 'appointment' does not exist in type 'PartnerTransactionInclude<DefaultArgs>'.
src/routes/partner.routes.ts(2605,24): error TS2551: Property 'appointment' does not exist on type '{ id: string; type: string; description: string; createdAt: Date; status: string; partnerId: string; appointmentId: string; amount: number; availableAt: Date; }'. Did you mean 'appointmentId'?
src/routes/partner.routes.ts(2607,25): error TS2551: Property 'appointment' does not exist on type '{ id: string; type: string; description: string; createdAt: Date; status: string; partnerId: string; appointmentId: string; amount: number; availableAt: Date; }'. Did you mean 'appointmentId'?
src/routes/partner.routes.ts(2608,21): error TS2551: Property 'appointment' does not exist on type '{ id: string; type: string; description: string; createdAt: Date; status: string; partnerId: string; appointmentId: string; amount: number; availableAt: Date; }'. Did you mean 'appointmentId'?
src/routes/partner.routes.ts(2609,17): error TS2551: Property 'appointment' does not exist on type '{ id: string; type: string; description: string; createdAt: Date; status: string; partnerId: string; appointmentId: string; amount: number; availableAt: Date; }'. Did you mean 'appointmentId'?
src/routes/partner.routes.ts(2610,19): error TS2551: Property 'appointment' does not exist on type '{ id: string; type: string; description: string; createdAt: Date; status: string; partnerId: string; appointmentId: string; amount: number; availableAt: Date; }'. Did you mean 'appointmentId'?
src/routes/partner.routes.ts(2611,26): error TS2551: Property 'appointment' does not exist on type '{ id: string; type: string; description: string; createdAt: Date; status: string; partnerId: string; appointmentId: string; amount: number; availableAt: Date; }'. Did you mean 'appointmentId'?
src/routes/partner.routes.ts(2612,22): error TS2551: Property 'appointment' does not exist on type '{ id: string; type: string; description: string; createdAt: Date; status: string; partnerId: string; appointmentId: string; amount: number; availableAt: Date; }'. Did you mean 'appointmentId'?
src/routes/partner.routes.ts(2613,19): error TS2551: Property 'appointment' does not exist on type '{ id: string; type: string; description: string; createdAt: Date; status: string; partnerId: string; appointmentId: string; amount: number; availableAt: Date; }'. Did you mean 'appointmentId'?
src/routes/partner.routes.ts(2617,20): error TS2551: Property 'appointment' does not exist on type '{ id: string; type: string; description: string; createdAt: Date; status: string; partnerId: string; appointmentId: string; amount: number; availableAt: Date; }'. Did you mean 'appointmentId'?
src/routes/partner.routes.ts(2618,26): error TS2551: Property 'appointment' does not exist on type '{ id: string; type: string; description: string; createdAt: Date; status: string; partnerId: string; appointmentId: string; amount: number; availableAt: Date; }'. Did you mean 'appointmentId'?
src/routes/partner.routes.ts(2619,26): error TS2551: Property 'appointment' does not exist on type '{ id: string; type: string; description: string; createdAt: Date; status: string; partnerId: string; appointmentId: string; amount: number; availableAt: Date; }'. Did you mean 'appointmentId'?
src/routes/partner.routes.ts(2620,26): error TS2551: Property 'appointment' does not exist on type '{ id: string; type: string; description: string; createdAt: Date; status: string; partnerId: string; appointmentId: string; amount: number; availableAt: Date; }'. Did you mean 'appointmentId'?
src/routes/partner.routes.ts(2621,24): error TS2551: Property 'appointment' does not exist on type '{ id: string; type: string; description: string; createdAt: Date; status: string; partnerId: string; appointmentId: string; amount: number; availableAt: Date; }'. Did you mean 'appointmentId'?
src/routes/partner.routes.ts(2622,32): error TS2551: Property 'appointment' does not exist on type '{ id: string; type: string; description: string; createdAt: Date; status: string; partnerId: string; appointmentId: string; amount: number; availableAt: Date; }'. Did you mean 'appointmentId'?
src/routes/partner.routes.ts(2968,36): error TS2339: Property 'clinicMaterial' does not exist on type 'PrismaClient<{ log: ("warn" | "error")[]; datasources: { db: { url: string; }; }; }, never, DefaultArgs>'.
src/routes/partner.routes.ts(2983,35): error TS2339: Property 'clinicMaterial' does not exist on type 'PrismaClient<{ log: ("warn" | "error")[]; datasources: { db: { url: string; }; }; }, never, DefaultArgs>'.
src/routes/partner.routes.ts(3002,35): error TS2339: Property 'clinicMaterial' does not exist on type 'PrismaClient<{ log: ("warn" | "error")[]; datasources: { db: { url: string; }; }; }, never, DefaultArgs>'.
src/routes/partner.routes.ts(3021,18): error TS2339: Property 'clinicMaterial' does not exist on type 'PrismaClient<{ log: ("warn" | "error")[]; datasources: { db: { url: string; }; }; }, never, DefaultArgs>'.
